'RES_5_R0603_DISCRETE_49.9R' 'res_5_r0603_discrete_499r.txt';
'TVS ARR COMA_SOT23_PSOT24C' 'tvsarrcoma_sot23_psot24c.txt';
'CAP_NP_C0603_DISCRETE_NC/10PF' 'cap_np_c0603_discrete_nc10pf.txt';
'SIP5_2_1_XH2P54-5P-R_XH2.54-5P-' 'sip5_2_1_xh2p54-5p-r_xh254-5p-.txt';
'RES_5_R0603_DISCRETE_12.1K 1%' 'res_5_r0603_discrete_121k1.txt';
'RES_R0603_DISCRETE_10K 1%' 'res_r0603_discrete_10k1.txt';
'CAP NP_C1206_1NF' 'capnp_c1206_1nf.txt';
'USB CONN., FEM, TYPE A , TH, RA' 'usbconnfemtypeathra.txt';
'ZDIODE_0_DO214_IC_SMAJ5.0CA' 'zdiode_0_do214_ic_smaj50ca.txt';
'POWER JACK_3_JACK-2_5MM_B_POWER' 'powerjack_3_jack-2_5mm_b_power.txt';
'BEAD_L0603_DISCRETE_330@100MHZ_' 'bead_l0603_discrete_330100mhz_.txt';
'TJA1057GT3_2_SOP8_IC_TJA1042T/3' 'tja1057gt3_2_sop8_ic_tja1042t3.txt';
'CAP_NP_C0603_DISCRETE_0.1UF' 'cap_np_c0603_discrete_01uf.txt';
'RES_5_R0603_DISCRETE_2.2K_5%' 'res_5_r0603_discrete_22k_5.txt';
'CAP_NP_C0603_DISCRETE_2.2UF' 'cap_np_c0603_discrete_22uf.txt';
'RES_R0603_DISCRETE_3.24K 1%' 'res_r0603_discrete_324k1.txt';
'CRYSTAL_3215_IC_32.768KHZ' 'crystal_3215_ic_32768khz.txt';
'DIODE BI-DIR TRIG_SOD323_PESD3V' 'diodebi-dirtrig_sod323_pesd3v.txt';
'CT2012_0_EC6P3_220UF/10V' 'ct2012_0_ec6p3_220uf10v.txt';
'CT2012_0_EC6P3_100UF/16V' 'ct2012_0_ec6p3_100uf16v.txt';
'CT2012_0_EC6P3_100UF/35V' 'ct2012_0_ec6p3_100uf35v.txt';
'1086-3.3_TO252-2_1086-3.3' '1086-33_to252-2_1086-33.txt';
'EL357_1_TLP2362_TLP2362(TPL,E(T' 'el357_1_tlp2362_tlp2362tplet.txt';
'RES_5_R0603_DISCRETE_5.1K' 'res_5_r0603_discrete_51k.txt';
'RES_5_R0603_DISCRETE_3.4K' 'res_5_r0603_discrete_34k.txt';
'RES_4_R0603_DISCRETE_4.7K' 'res_4_r0603_discrete_47k.txt';
'RES_5_R0603_DISCRETE_4.7K' 'res_5_r0603_discrete_47k.txt';
'CON4_DB2ERC-3P81-4P_DB2ERC-3.81' 'con4_db2erc-3p81-4p_db2erc-381.txt';
'RES_5_R0603_DISCRETE_6.8K' 'res_5_r0603_discrete_68k.txt';
'CON6_DB2ERC-3P81-6P_DB2ERC-3.81' 'con6_db2erc-3p81-6p_db2erc-381.txt';
'EL357_OP-SMD-4_EL357N(B)(TA)-G' 'el357_op-smd-4_el357nbta-g.txt';
'CON8_DB2ERC-3P81-8P_DB2ERC-3.81' 'con8_db2erc-3p81-8p_db2erc-381.txt';
'RES_R0603_DISCRETE_2.2K' 'res_r0603_discrete_22k.txt';
'PIEZO BUZZER_0_BUZZER_BUZZER' 'piezobuzzer_0_buzzer_buzzer.txt';
'RES_R0603_DISCRETE_4.7K' 'res_r0603_discrete_47k.txt';
'HEADER 6_DB2ERC-3P81-6P_DB2ERC-' 'header6_db2erc-3p81-6p_db2erc-.txt';
'C1608_C0603_0.1UF' 'c1608_c0603_01uf.txt';
'SPACER_0_T4R2-6R2_BOTSMT_IC_3.0' 'spacer_0_t4r2-6r2_botsmt_ic_30.txt';
'8 HEADER_DB2ERC-3P81-8P_DB2ERC-' '8header_db2erc-3p81-8p_db2erc-.txt';
